----------------------

----------------------
------- I = 1 -------
----------------------

----------------------


NAS Parallel Benchmarks 3.4 -- MG Benchmark

No input file. Using compiled defaults
Size:  512x 512x 512  (class C)
Iterations:   20
Total number of processes:      1


Initialization time:           4.672 seconds

iter    1
iter    5
iter   10
iter   15
iter   20

Benchmark completed
VERIFICATION SUCCESSFUL
L2 Norm is  0.5706732285705E-06
Error is    0.6101090353211E-11


MG Benchmark Completed.
Class           =                        C
Size            =            512x 512x 512
Iterations      =                       20
Time in seconds =                    36.17
Total processes =                        1
Active processes=                        1
Mop/s total     =                  4304.92
Mop/s/process   =                  4304.92
Operation type  =           floating point
Verification    =               SUCCESSFUL
Version         =                    3.4.3
Compile date    =              11 Dec 2024

Compile options:
MPIFC        = mpif90
FLINK        = $(MPIFC)
FMPI_LIB     = (none)
FMPI_INC     = (none)
FFLAGS       = -O3
FLINKFLAGS   = $(FFLAGS)
RAND         = randi8


Please send feedbacks and/or the results of this run to:

NPB Development Team
Internet: npb@nas.nasa.gov


----------------------

----------------------
------- I = 2 -------
----------------------

----------------------


NAS Parallel Benchmarks 3.4 -- MG Benchmark

No input file. Using compiled defaults
Size:  512x 512x 512  (class C)
Iterations:   20
Total number of processes:      1


Initialization time:           4.638 seconds

iter    1
iter    5
iter   10
iter   15
iter   20

Benchmark completed
VERIFICATION SUCCESSFUL
L2 Norm is  0.5706732285705E-06
Error is    0.6101090353211E-11


MG Benchmark Completed.
Class           =                        C
Size            =            512x 512x 512
Iterations      =                       20
Time in seconds =                    36.17
Total processes =                        1
Active processes=                        1
Mop/s total     =                  4304.80
Mop/s/process   =                  4304.80
Operation type  =           floating point
Verification    =               SUCCESSFUL
Version         =                    3.4.3
Compile date    =              11 Dec 2024

Compile options:
MPIFC        = mpif90
FLINK        = $(MPIFC)
FMPI_LIB     = (none)
FMPI_INC     = (none)
FFLAGS       = -O3
FLINKFLAGS   = $(FFLAGS)
RAND         = randi8


Please send feedbacks and/or the results of this run to:

NPB Development Team
Internet: npb@nas.nasa.gov


----------------------

----------------------
------- I = 3 -------
----------------------

----------------------


NAS Parallel Benchmarks 3.4 -- MG Benchmark

No input file. Using compiled defaults
Size:  512x 512x 512  (class C)
Iterations:   20
Total number of processes:      1


Initialization time:           4.664 seconds

iter    1
iter    5
iter   10
iter   15
iter   20

Benchmark completed
VERIFICATION SUCCESSFUL
L2 Norm is  0.5706732285705E-06
Error is    0.6101090353211E-11


MG Benchmark Completed.
Class           =                        C
Size            =            512x 512x 512
Iterations      =                       20
Time in seconds =                    36.13
Total processes =                        1
Active processes=                        1
Mop/s total     =                  4309.18
Mop/s/process   =                  4309.18
Operation type  =           floating point
Verification    =               SUCCESSFUL
Version         =                    3.4.3
Compile date    =              11 Dec 2024

Compile options:
MPIFC        = mpif90
FLINK        = $(MPIFC)
FMPI_LIB     = (none)
FMPI_INC     = (none)
FFLAGS       = -O3
FLINKFLAGS   = $(FFLAGS)
RAND         = randi8


Please send feedbacks and/or the results of this run to:

NPB Development Team
Internet: npb@nas.nasa.gov


----------------------

----------------------
------- I = 4 -------
----------------------

----------------------


NAS Parallel Benchmarks 3.4 -- MG Benchmark

No input file. Using compiled defaults
Size:  512x 512x 512  (class C)
Iterations:   20
Total number of processes:      1


Initialization time:           4.666 seconds

iter    1
iter    5
iter   10
iter   15
iter   20

Benchmark completed
VERIFICATION SUCCESSFUL
L2 Norm is  0.5706732285705E-06
Error is    0.6101090353211E-11


MG Benchmark Completed.
Class           =                        C
Size            =            512x 512x 512
Iterations      =                       20
Time in seconds =                    36.09
Total processes =                        1
Active processes=                        1
Mop/s total     =                  4314.30
Mop/s/process   =                  4314.30
Operation type  =           floating point
Verification    =               SUCCESSFUL
Version         =                    3.4.3
Compile date    =              11 Dec 2024

Compile options:
MPIFC        = mpif90
FLINK        = $(MPIFC)
FMPI_LIB     = (none)
FMPI_INC     = (none)
FFLAGS       = -O3
FLINKFLAGS   = $(FFLAGS)
RAND         = randi8


Please send feedbacks and/or the results of this run to:

NPB Development Team
Internet: npb@nas.nasa.gov


----------------------

----------------------
------- I = 5 -------
----------------------

----------------------


NAS Parallel Benchmarks 3.4 -- MG Benchmark

No input file. Using compiled defaults
Size:  512x 512x 512  (class C)
Iterations:   20
Total number of processes:      1


Initialization time:           4.631 seconds

iter    1
iter    5
iter   10
iter   15
iter   20

Benchmark completed
VERIFICATION SUCCESSFUL
L2 Norm is  0.5706732285705E-06
Error is    0.6101090353211E-11


MG Benchmark Completed.
Class           =                        C
Size            =            512x 512x 512
Iterations      =                       20
Time in seconds =                    36.14
Total processes =                        1
Active processes=                        1
Mop/s total     =                  4307.83
Mop/s/process   =                  4307.83
Operation type  =           floating point
Verification    =               SUCCESSFUL
Version         =                    3.4.3
Compile date    =              11 Dec 2024

Compile options:
MPIFC        = mpif90
FLINK        = $(MPIFC)
FMPI_LIB     = (none)
FMPI_INC     = (none)
FFLAGS       = -O3
FLINKFLAGS   = $(FFLAGS)
RAND         = randi8


Please send feedbacks and/or the results of this run to:

NPB Development Team
Internet: npb@nas.nasa.gov


----------------------

----------------------
------- I = 1 -------
----------------------

----------------------


NAS Parallel Benchmarks 3.4 -- MG Benchmark

No input file. Using compiled defaults
Size:  512x 512x 512  (class C)
Iterations:   20
Total number of processes:      2


Initialization time:           3.312 seconds

iter    1
iter    5
iter   10
iter   15
iter   20

Benchmark completed
VERIFICATION SUCCESSFUL
L2 Norm is  0.5706732285730E-06
Error is    0.1665721602942E-11


MG Benchmark Completed.
Class           =                        C
Size            =            512x 512x 512
Iterations      =                       20
Time in seconds =                    27.96
Total processes =                        2
Active processes=                        2
Mop/s total     =                  5568.44
Mop/s/process   =                  2784.22
Operation type  =           floating point
Verification    =               SUCCESSFUL
Version         =                    3.4.3
Compile date    =              11 Dec 2024

Compile options:
MPIFC        = mpif90
FLINK        = $(MPIFC)
FMPI_LIB     = (none)
FMPI_INC     = (none)
FFLAGS       = -O3
FLINKFLAGS   = $(FFLAGS)
RAND         = randi8


Please send feedbacks and/or the results of this run to:

NPB Development Team
Internet: npb@nas.nasa.gov


----------------------

----------------------
------- I = 2 -------
----------------------

----------------------


NAS Parallel Benchmarks 3.4 -- MG Benchmark

No input file. Using compiled defaults
Size:  512x 512x 512  (class C)
Iterations:   20
Total number of processes:      2


Initialization time:           3.318 seconds

iter    1
iter    5
iter   10
iter   15
iter   20

Benchmark completed
VERIFICATION SUCCESSFUL
L2 Norm is  0.5706732285730E-06
Error is    0.1665721602942E-11


MG Benchmark Completed.
Class           =                        C
Size            =            512x 512x 512
Iterations      =                       20
Time in seconds =                    28.00
Total processes =                        2
Active processes=                        2
Mop/s total     =                  5560.01
Mop/s/process   =                  2780.01
Operation type  =           floating point
Verification    =               SUCCESSFUL
Version         =                    3.4.3
Compile date    =              11 Dec 2024

Compile options:
MPIFC        = mpif90
FLINK        = $(MPIFC)
FMPI_LIB     = (none)
FMPI_INC     = (none)
FFLAGS       = -O3
FLINKFLAGS   = $(FFLAGS)
RAND         = randi8


Please send feedbacks and/or the results of this run to:

NPB Development Team
Internet: npb@nas.nasa.gov


----------------------

----------------------
------- I = 3 -------
----------------------

----------------------


NAS Parallel Benchmarks 3.4 -- MG Benchmark

No input file. Using compiled defaults
Size:  512x 512x 512  (class C)
Iterations:   20
Total number of processes:      2


Initialization time:           3.331 seconds

iter    1
iter    5
iter   10
iter   15
iter   20

Benchmark completed
VERIFICATION SUCCESSFUL
L2 Norm is  0.5706732285730E-06
Error is    0.1665721602942E-11


MG Benchmark Completed.
Class           =                        C
Size            =            512x 512x 512
Iterations      =                       20
Time in seconds =                    27.98
Total processes =                        2
Active processes=                        2
Mop/s total     =                  5563.64
Mop/s/process   =                  2781.82
Operation type  =           floating point
Verification    =               SUCCESSFUL
Version         =                    3.4.3
Compile date    =              11 Dec 2024

Compile options:
MPIFC        = mpif90
FLINK        = $(MPIFC)
FMPI_LIB     = (none)
FMPI_INC     = (none)
FFLAGS       = -O3
FLINKFLAGS   = $(FFLAGS)
RAND         = randi8


Please send feedbacks and/or the results of this run to:

NPB Development Team
Internet: npb@nas.nasa.gov


----------------------

----------------------
------- I = 4 -------
----------------------

----------------------


NAS Parallel Benchmarks 3.4 -- MG Benchmark

No input file. Using compiled defaults
Size:  512x 512x 512  (class C)
Iterations:   20
Total number of processes:      2


Initialization time:           3.331 seconds

iter    1
iter    5
iter   10
iter   15
iter   20

Benchmark completed
VERIFICATION SUCCESSFUL
L2 Norm is  0.5706732285730E-06
Error is    0.1665721602942E-11


MG Benchmark Completed.
Class           =                        C
Size            =            512x 512x 512
Iterations      =                       20
Time in seconds =                    28.00
Total processes =                        2
Active processes=                        2
Mop/s total     =                  5559.79
Mop/s/process   =                  2779.89
Operation type  =           floating point
Verification    =               SUCCESSFUL
Version         =                    3.4.3
Compile date    =              11 Dec 2024

Compile options:
MPIFC        = mpif90
FLINK        = $(MPIFC)
FMPI_LIB     = (none)
FMPI_INC     = (none)
FFLAGS       = -O3
FLINKFLAGS   = $(FFLAGS)
RAND         = randi8


Please send feedbacks and/or the results of this run to:

NPB Development Team
Internet: npb@nas.nasa.gov


----------------------

----------------------
------- I = 5 -------
----------------------

----------------------


NAS Parallel Benchmarks 3.4 -- MG Benchmark

No input file. Using compiled defaults
Size:  512x 512x 512  (class C)
Iterations:   20
Total number of processes:      2


Initialization time:           3.322 seconds

iter    1
iter    5
iter   10
iter   15
iter   20

Benchmark completed
VERIFICATION SUCCESSFUL
L2 Norm is  0.5706732285730E-06
Error is    0.1665721602942E-11


MG Benchmark Completed.
Class           =                        C
Size            =            512x 512x 512
Iterations      =                       20
Time in seconds =                    28.00
Total processes =                        2
Active processes=                        2
Mop/s total     =                  5559.92
Mop/s/process   =                  2779.96
Operation type  =           floating point
Verification    =               SUCCESSFUL
Version         =                    3.4.3
Compile date    =              11 Dec 2024

Compile options:
MPIFC        = mpif90
FLINK        = $(MPIFC)
FMPI_LIB     = (none)
FMPI_INC     = (none)
FFLAGS       = -O3
FLINKFLAGS   = $(FFLAGS)
RAND         = randi8


Please send feedbacks and/or the results of this run to:

NPB Development Team
Internet: npb@nas.nasa.gov


----------------------

----------------------
------- I = 1 -------
----------------------

----------------------


NAS Parallel Benchmarks 3.4 -- MG Benchmark

No input file. Using compiled defaults
Size:  512x 512x 512  (class C)
Iterations:   20
Total number of processes:      4


Initialization time:           1.781 seconds

iter    1
iter    5
iter   10
iter   15
iter   20

Benchmark completed
VERIFICATION SUCCESSFUL
L2 Norm is  0.5706732285736E-06
Error is    0.6632829951566E-12


MG Benchmark Completed.
Class           =                        C
Size            =            512x 512x 512
Iterations      =                       20
Time in seconds =                    15.27
Total processes =                        4
Active processes=                        4
Mop/s total     =                 10195.39
Mop/s/process   =                  2548.85
Operation type  =           floating point
Verification    =               SUCCESSFUL
Version         =                    3.4.3
Compile date    =              11 Dec 2024

Compile options:
MPIFC        = mpif90
FLINK        = $(MPIFC)
FMPI_LIB     = (none)
FMPI_INC     = (none)
FFLAGS       = -O3
FLINKFLAGS   = $(FFLAGS)
RAND         = randi8


Please send feedbacks and/or the results of this run to:

NPB Development Team
Internet: npb@nas.nasa.gov


----------------------

----------------------
------- I = 2 -------
----------------------

----------------------


NAS Parallel Benchmarks 3.4 -- MG Benchmark

No input file. Using compiled defaults
Size:  512x 512x 512  (class C)
Iterations:   20
Total number of processes:      4


Initialization time:           1.780 seconds

iter    1
iter    5
iter   10
iter   15
iter   20

Benchmark completed
VERIFICATION SUCCESSFUL
L2 Norm is  0.5706732285736E-06
Error is    0.6632829951566E-12


MG Benchmark Completed.
Class           =                        C
Size            =            512x 512x 512
Iterations      =                       20
Time in seconds =                    15.21
Total processes =                        4
Active processes=                        4
Mop/s total     =                 10238.83
Mop/s/process   =                  2559.71
Operation type  =           floating point
Verification    =               SUCCESSFUL
Version         =                    3.4.3
Compile date    =              11 Dec 2024

Compile options:
MPIFC        = mpif90
FLINK        = $(MPIFC)
FMPI_LIB     = (none)
FMPI_INC     = (none)
FFLAGS       = -O3
FLINKFLAGS   = $(FFLAGS)
RAND         = randi8


Please send feedbacks and/or the results of this run to:

NPB Development Team
Internet: npb@nas.nasa.gov


----------------------

----------------------
------- I = 3 -------
----------------------

----------------------


NAS Parallel Benchmarks 3.4 -- MG Benchmark

No input file. Using compiled defaults
Size:  512x 512x 512  (class C)
Iterations:   20
Total number of processes:      4


Initialization time:           1.766 seconds

iter    1
iter    5
iter   10
iter   15
iter   20

Benchmark completed
VERIFICATION SUCCESSFUL
L2 Norm is  0.5706732285736E-06
Error is    0.6632829951566E-12


MG Benchmark Completed.
Class           =                        C
Size            =            512x 512x 512
Iterations      =                       20
Time in seconds =                    15.26
Total processes =                        4
Active processes=                        4
Mop/s total     =                 10204.24
Mop/s/process   =                  2551.06
Operation type  =           floating point
Verification    =               SUCCESSFUL
Version         =                    3.4.3
Compile date    =              11 Dec 2024

Compile options:
MPIFC        = mpif90
FLINK        = $(MPIFC)
FMPI_LIB     = (none)
FMPI_INC     = (none)
FFLAGS       = -O3
FLINKFLAGS   = $(FFLAGS)
RAND         = randi8


Please send feedbacks and/or the results of this run to:

NPB Development Team
Internet: npb@nas.nasa.gov


----------------------

----------------------
------- I = 4 -------
----------------------

----------------------


NAS Parallel Benchmarks 3.4 -- MG Benchmark

No input file. Using compiled defaults
Size:  512x 512x 512  (class C)
Iterations:   20
Total number of processes:      4


Initialization time:           1.769 seconds

iter    1
iter    5
iter   10
iter   15
iter   20

Benchmark completed
VERIFICATION SUCCESSFUL
L2 Norm is  0.5706732285736E-06
Error is    0.6632829951566E-12


MG Benchmark Completed.
Class           =                        C
Size            =            512x 512x 512
Iterations      =                       20
Time in seconds =                    15.19
Total processes =                        4
Active processes=                        4
Mop/s total     =                 10247.56
Mop/s/process   =                  2561.89
Operation type  =           floating point
Verification    =               SUCCESSFUL
Version         =                    3.4.3
Compile date    =              11 Dec 2024

Compile options:
MPIFC        = mpif90
FLINK        = $(MPIFC)
FMPI_LIB     = (none)
FMPI_INC     = (none)
FFLAGS       = -O3
FLINKFLAGS   = $(FFLAGS)
RAND         = randi8


Please send feedbacks and/or the results of this run to:

NPB Development Team
Internet: npb@nas.nasa.gov


----------------------

----------------------
------- I = 5 -------
----------------------

----------------------


NAS Parallel Benchmarks 3.4 -- MG Benchmark

No input file. Using compiled defaults
Size:  512x 512x 512  (class C)
Iterations:   20
Total number of processes:      4


Initialization time:           1.755 seconds

iter    1
iter    5
iter   10
iter   15
iter   20

Benchmark completed
VERIFICATION SUCCESSFUL
L2 Norm is  0.5706732285736E-06
Error is    0.6632829951566E-12


MG Benchmark Completed.
Class           =                        C
Size            =            512x 512x 512
Iterations      =                       20
Time in seconds =                    15.19
Total processes =                        4
Active processes=                        4
Mop/s total     =                 10252.70
Mop/s/process   =                  2563.17
Operation type  =           floating point
Verification    =               SUCCESSFUL
Version         =                    3.4.3
Compile date    =              11 Dec 2024

Compile options:
MPIFC        = mpif90
FLINK        = $(MPIFC)
FMPI_LIB     = (none)
FMPI_INC     = (none)
FFLAGS       = -O3
FLINKFLAGS   = $(FFLAGS)
RAND         = randi8


Please send feedbacks and/or the results of this run to:

NPB Development Team
Internet: npb@nas.nasa.gov


----------------------

----------------------
------- I = 1 -------
----------------------

----------------------


NAS Parallel Benchmarks 3.4 -- MG Benchmark

No input file. Using compiled defaults
Size:  512x 512x 512  (class C)
Iterations:   20
Total number of processes:      8


Initialization time:           0.911 seconds

iter    1
iter    5
iter   10
iter   15
iter   20

Benchmark completed
VERIFICATION SUCCESSFUL
L2 Norm is  0.5706732285739E-06
Error is    0.1345119360807E-12


MG Benchmark Completed.
Class           =                        C
Size            =            512x 512x 512
Iterations      =                       20
Time in seconds =                     7.74
Total processes =                        8
Active processes=                        8
Mop/s total     =                 20107.80
Mop/s/process   =                  2513.47
Operation type  =           floating point
Verification    =               SUCCESSFUL
Version         =                    3.4.3
Compile date    =              11 Dec 2024

Compile options:
MPIFC        = mpif90
FLINK        = $(MPIFC)
FMPI_LIB     = (none)
FMPI_INC     = (none)
FFLAGS       = -O3
FLINKFLAGS   = $(FFLAGS)
RAND         = randi8


Please send feedbacks and/or the results of this run to:

NPB Development Team
Internet: npb@nas.nasa.gov


----------------------

----------------------
------- I = 2 -------
----------------------

----------------------


NAS Parallel Benchmarks 3.4 -- MG Benchmark

No input file. Using compiled defaults
Size:  512x 512x 512  (class C)
Iterations:   20
Total number of processes:      8


Initialization time:           0.904 seconds

iter    1
iter    5
iter   10
iter   15
iter   20

Benchmark completed
VERIFICATION SUCCESSFUL
L2 Norm is  0.5706732285739E-06
Error is    0.1345119360807E-12


MG Benchmark Completed.
Class           =                        C
Size            =            512x 512x 512
Iterations      =                       20
Time in seconds =                     7.70
Total processes =                        8
Active processes=                        8
Mop/s total     =                 20219.76
Mop/s/process   =                  2527.47
Operation type  =           floating point
Verification    =               SUCCESSFUL
Version         =                    3.4.3
Compile date    =              11 Dec 2024

Compile options:
MPIFC        = mpif90
FLINK        = $(MPIFC)
FMPI_LIB     = (none)
FMPI_INC     = (none)
FFLAGS       = -O3
FLINKFLAGS   = $(FFLAGS)
RAND         = randi8


Please send feedbacks and/or the results of this run to:

NPB Development Team
Internet: npb@nas.nasa.gov


----------------------

----------------------
------- I = 3 -------
----------------------

----------------------


NAS Parallel Benchmarks 3.4 -- MG Benchmark

No input file. Using compiled defaults
Size:  512x 512x 512  (class C)
Iterations:   20
Total number of processes:      8


Initialization time:           0.906 seconds

iter    1
iter    5
iter   10
iter   15
iter   20

Benchmark completed
VERIFICATION SUCCESSFUL
L2 Norm is  0.5706732285739E-06
Error is    0.1345119360807E-12


MG Benchmark Completed.
Class           =                        C
Size            =            512x 512x 512
Iterations      =                       20
Time in seconds =                     7.68
Total processes =                        8
Active processes=                        8
Mop/s total     =                 20260.72
Mop/s/process   =                  2532.59
Operation type  =           floating point
Verification    =               SUCCESSFUL
Version         =                    3.4.3
Compile date    =              11 Dec 2024

Compile options:
MPIFC        = mpif90
FLINK        = $(MPIFC)
FMPI_LIB     = (none)
FMPI_INC     = (none)
FFLAGS       = -O3
FLINKFLAGS   = $(FFLAGS)
RAND         = randi8


Please send feedbacks and/or the results of this run to:

NPB Development Team
Internet: npb@nas.nasa.gov


----------------------

----------------------
------- I = 4 -------
----------------------

----------------------


NAS Parallel Benchmarks 3.4 -- MG Benchmark

No input file. Using compiled defaults
Size:  512x 512x 512  (class C)
Iterations:   20
Total number of processes:      8


Initialization time:           0.906 seconds

iter    1
iter    5
iter   10
iter   15
iter   20

Benchmark completed
VERIFICATION SUCCESSFUL
L2 Norm is  0.5706732285739E-06
Error is    0.1345119360807E-12


MG Benchmark Completed.
Class           =                        C
Size            =            512x 512x 512
Iterations      =                       20
Time in seconds =                     7.72
Total processes =                        8
Active processes=                        8
Mop/s total     =                 20171.78
Mop/s/process   =                  2521.47
Operation type  =           floating point
Verification    =               SUCCESSFUL
Version         =                    3.4.3
Compile date    =              11 Dec 2024

Compile options:
MPIFC        = mpif90
FLINK        = $(MPIFC)
FMPI_LIB     = (none)
FMPI_INC     = (none)
FFLAGS       = -O3
FLINKFLAGS   = $(FFLAGS)
RAND         = randi8


Please send feedbacks and/or the results of this run to:

NPB Development Team
Internet: npb@nas.nasa.gov


----------------------

----------------------
------- I = 5 -------
----------------------

----------------------


NAS Parallel Benchmarks 3.4 -- MG Benchmark

No input file. Using compiled defaults
Size:  512x 512x 512  (class C)
Iterations:   20
Total number of processes:      8


Initialization time:           0.913 seconds

iter    1
iter    5
iter   10
iter   15
iter   20

Benchmark completed
VERIFICATION SUCCESSFUL
L2 Norm is  0.5706732285739E-06
Error is    0.1345119360807E-12


MG Benchmark Completed.
Class           =                        C
Size            =            512x 512x 512
Iterations      =                       20
Time in seconds =                     7.78
Total processes =                        8
Active processes=                        8
Mop/s total     =                 20010.11
Mop/s/process   =                  2501.26
Operation type  =           floating point
Verification    =               SUCCESSFUL
Version         =                    3.4.3
Compile date    =              11 Dec 2024

Compile options:
MPIFC        = mpif90
FLINK        = $(MPIFC)
FMPI_LIB     = (none)
FMPI_INC     = (none)
FFLAGS       = -O3
FLINKFLAGS   = $(FFLAGS)
RAND         = randi8


Please send feedbacks and/or the results of this run to:

NPB Development Team
Internet: npb@nas.nasa.gov


----------------------

----------------------
------- I = 1 -------
----------------------

----------------------


NAS Parallel Benchmarks 3.4 -- MG Benchmark

No input file. Using compiled defaults
Size:  512x 512x 512  (class C)
Iterations:   20
Total number of processes:     16


Initialization time:           0.533 seconds

iter    1
iter    5
iter   10
iter   15
iter   20

Benchmark completed
VERIFICATION SUCCESSFUL
L2 Norm is  0.5706732285740E-06
Error is    0.7421348197557E-15


MG Benchmark Completed.
Class           =                        C
Size            =            512x 512x 512
Iterations      =                       20
Time in seconds =                     4.67
Total processes =                       16
Active processes=                       16
Mop/s total     =                 33366.08
Mop/s/process   =                  2085.38
Operation type  =           floating point
Verification    =               SUCCESSFUL
Version         =                    3.4.3
Compile date    =              11 Dec 2024

Compile options:
MPIFC        = mpif90
FLINK        = $(MPIFC)
FMPI_LIB     = (none)
FMPI_INC     = (none)
FFLAGS       = -O3
FLINKFLAGS   = $(FFLAGS)
RAND         = randi8


Please send feedbacks and/or the results of this run to:

NPB Development Team
Internet: npb@nas.nasa.gov


----------------------

----------------------
------- I = 2 -------
----------------------

----------------------


NAS Parallel Benchmarks 3.4 -- MG Benchmark

No input file. Using compiled defaults
Size:  512x 512x 512  (class C)
Iterations:   20
Total number of processes:     16


Initialization time:           0.524 seconds

iter    1
iter    5
iter   10
iter   15
iter   20

Benchmark completed
VERIFICATION SUCCESSFUL
L2 Norm is  0.5706732285740E-06
Error is    0.7421348197557E-15


MG Benchmark Completed.
Class           =                        C
Size            =            512x 512x 512
Iterations      =                       20
Time in seconds =                     4.65
Total processes =                       16
Active processes=                       16
Mop/s total     =                 33483.57
Mop/s/process   =                  2092.72
Operation type  =           floating point
Verification    =               SUCCESSFUL
Version         =                    3.4.3
Compile date    =              11 Dec 2024

Compile options:
MPIFC        = mpif90
FLINK        = $(MPIFC)
FMPI_LIB     = (none)
FMPI_INC     = (none)
FFLAGS       = -O3
FLINKFLAGS   = $(FFLAGS)
RAND         = randi8


Please send feedbacks and/or the results of this run to:

NPB Development Team
Internet: npb@nas.nasa.gov


----------------------

----------------------
------- I = 3 -------
----------------------

----------------------


NAS Parallel Benchmarks 3.4 -- MG Benchmark

No input file. Using compiled defaults
Size:  512x 512x 512  (class C)
Iterations:   20
Total number of processes:     16


Initialization time:           0.516 seconds

iter    1
iter    5
iter   10
iter   15
iter   20

Benchmark completed
VERIFICATION SUCCESSFUL
L2 Norm is  0.5706732285740E-06
Error is    0.7421348197557E-15


MG Benchmark Completed.
Class           =                        C
Size            =            512x 512x 512
Iterations      =                       20
Time in seconds =                     4.82
Total processes =                       16
Active processes=                       16
Mop/s total     =                 32305.44
Mop/s/process   =                  2019.09
Operation type  =           floating point
Verification    =               SUCCESSFUL
Version         =                    3.4.3
Compile date    =              11 Dec 2024

Compile options:
MPIFC        = mpif90
FLINK        = $(MPIFC)
FMPI_LIB     = (none)
FMPI_INC     = (none)
FFLAGS       = -O3
FLINKFLAGS   = $(FFLAGS)
RAND         = randi8


Please send feedbacks and/or the results of this run to:

NPB Development Team
Internet: npb@nas.nasa.gov


----------------------

----------------------
------- I = 4 -------
----------------------

----------------------


NAS Parallel Benchmarks 3.4 -- MG Benchmark

No input file. Using compiled defaults
Size:  512x 512x 512  (class C)
Iterations:   20
Total number of processes:     16


Initialization time:           0.513 seconds

iter    1
iter    5
iter   10
iter   15
iter   20

Benchmark completed
VERIFICATION SUCCESSFUL
L2 Norm is  0.5706732285740E-06
Error is    0.7421348197557E-15


MG Benchmark Completed.
Class           =                        C
Size            =            512x 512x 512
Iterations      =                       20
Time in seconds =                     4.48
Total processes =                       16
Active processes=                       16
Mop/s total     =                 34727.87
Mop/s/process   =                  2170.49
Operation type  =           floating point
Verification    =               SUCCESSFUL
Version         =                    3.4.3
Compile date    =              11 Dec 2024

Compile options:
MPIFC        = mpif90
FLINK        = $(MPIFC)
FMPI_LIB     = (none)
FMPI_INC     = (none)
FFLAGS       = -O3
FLINKFLAGS   = $(FFLAGS)
RAND         = randi8


Please send feedbacks and/or the results of this run to:

NPB Development Team
Internet: npb@nas.nasa.gov


----------------------

----------------------
------- I = 5 -------
----------------------

----------------------


NAS Parallel Benchmarks 3.4 -- MG Benchmark

No input file. Using compiled defaults
Size:  512x 512x 512  (class C)
Iterations:   20
Total number of processes:     16


Initialization time:           0.521 seconds

iter    1
iter    5
iter   10
iter   15
iter   20

Benchmark completed
VERIFICATION SUCCESSFUL
L2 Norm is  0.5706732285740E-06
Error is    0.7421348197557E-15


MG Benchmark Completed.
Class           =                        C
Size            =            512x 512x 512
Iterations      =                       20
Time in seconds =                     4.83
Total processes =                       16
Active processes=                       16
Mop/s total     =                 32256.14
Mop/s/process   =                  2016.01
Operation type  =           floating point
Verification    =               SUCCESSFUL
Version         =                    3.4.3
Compile date    =              11 Dec 2024

Compile options:
MPIFC        = mpif90
FLINK        = $(MPIFC)
FMPI_LIB     = (none)
FMPI_INC     = (none)
FFLAGS       = -O3
FLINKFLAGS   = $(FFLAGS)
RAND         = randi8


Please send feedbacks and/or the results of this run to:

NPB Development Team
Internet: npb@nas.nasa.gov

